hw_rtc.c:547:17:HW_RTC_GetCalendarValue	32	static
hw_rtc.c:212:6:HW_RTC_setMcuWakeUpTime	48	static
hw_rtc.c:240:9:HW_RTC_getMcuWakeUpTime	0	static
hw_rtc.c:250:10:HW_RTC_GetMinimumTimeout	0	static
hw_rtc.c:260:10:HW_RTC_ms2Tick	8	static
hw_rtc.c:271:13:HW_RTC_Tick2ms	0	static
hw_rtc.c:310:10:HW_RTC_GetTimerElapsedTime	32	static
hw_rtc.c:325:10:HW_RTC_GetTimerValue	32	static
hw_rtc.c:340:6:HW_RTC_StopAlarm	8	static
hw_rtc.c:284:6:HW_RTC_SetAlarm	48	static
hw_rtc.c:355:6:HW_RTC_IrqHandler	8	static
hw_rtc.c:384:6:HW_RTC_DelayMs	16	static,ignoring_inline_asm
hw_rtc.c:404:10:HW_RTC_SetTimerContext	8	static
hw_rtc.c:149:6:HW_RTC_Init	40	static
hw_rtc.c:415:10:HW_RTC_GetTimerContext	0	static
hw_rtc.c:596:10:HW_RTC_GetCalendarTime	40	static
hw_rtc.c:613:6:HW_RTC_BKUPWrite	16	static
hw_rtc.c:619:6:HW_RTC_BKUPRead	16	static
hw_rtc.c:625:13:RtcTempCompensation	16	static
