mlm32l0xx_hw.c:132:6:HW_DeInit	8	static
mlm32l0xx_hw.c:181:6:HW_GpioInit	64	static
mlm32l0xx_hw.c:228:6:SystemClock_Config	120	static
mlm32l0xx_hw.c:281:10:HW_GetRandomSeed	0	static
mlm32l0xx_hw.c:291:6:HW_GetUniqueId	8	static
mlm32l0xx_hw.c:366:6:HW_AdcInit	8	static
mlm32l0xx_hw.c:95:6:HW_Init	24	static
mlm32l0xx_hw.c:404:6:HW_AdcDeInit	8	static
mlm32l0xx_hw.c:415:10:HW_AdcReadChannel	32	static
mlm32l0xx_hw.c:303:10:HW_GetTemperatureLevel	16	static
mlm32l0xx_hw.c:342:10:HW_GetBatteryLevel	8	static
mlm32l0xx_hw.c:466:6:LPM_EnterStopMode	40	static,ignoring_inline_asm
mlm32l0xx_hw.c:490:6:LPM_ExitStopMode	16	static,ignoring_inline_asm
mlm32l0xx_hw.c:528:6:LPM_EnterSleepMode	8	static
