mlm32l0xx_it.c:65:6:NMI_Handler	0	static
mlm32l0xx_it.c:77:6:HardFault_Handler	0	static,ignoring_inline_asm
mlm32l0xx_it.c:92:6:MemManage_Handler	0	static
mlm32l0xx_it.c:105:6:BusFault_Handler	0	static
mlm32l0xx_it.c:118:6:UsageFault_Handler	0	static
mlm32l0xx_it.c:131:6:SVC_Handler	0	static
mlm32l0xx_it.c:140:6:DebugMon_Handler	0	static
mlm32l0xx_it.c:149:6:PendSV_Handler	0	static
mlm32l0xx_it.c:158:6:SysTick_Handler	8	static
mlm32l0xx_it.c:178:6:USART2_IRQHandler	8	static
mlm32l0xx_it.c:183:6:DMA1_Channel4_5_6_7_IRQHandler	8	static
mlm32l0xx_it.c:188:6:RTC_IRQHandler	8	static
mlm32l0xx_it.c:193:6:EXTI0_1_IRQHandler	8	static
mlm32l0xx_it.c:200:6:EXTI2_3_IRQHandler	8	static
mlm32l0xx_it.c:208:6:EXTI4_15_IRQHandler	8	static
