stm32l0xx_hal_usart.c:2422:13:USART_EndTransfer	0	static
stm32l0xx_hal_usart.c:2942:13:USART_TxISR_16BIT	0	static
stm32l0xx_hal_usart.c:2733:26:USART_WaitOnFlagUntilTimeout.constprop	24	static
stm32l0xx_hal_usart.c:2908:13:USART_TxISR_8BIT	0	static
stm32l0xx_hal_usart.c:365:13:HAL_USART_MspInit	0	static
stm32l0xx_hal_usart.c:261:19:HAL_USART_Init	24	static
stm32l0xx_hal_usart.c:380:13:HAL_USART_MspDeInit	0	static
stm32l0xx_hal_usart.c:322:19:HAL_USART_DeInit	16	static
stm32l0xx_hal_usart.c:718:19:HAL_USART_Transmit	40	static
stm32l0xx_hal_usart.c:827:19:HAL_USART_Receive	32	static
stm32l0xx_hal_usart.c:944:19:HAL_USART_TransmitReceive	40	static
stm32l0xx_hal_usart.c:1102:19:HAL_USART_Transmit_IT	20	static
stm32l0xx_hal_usart.c:1177:19:HAL_USART_Receive_IT	20	static
stm32l0xx_hal_usart.c:1260:19:HAL_USART_TransmitReceive_IT	32	static
stm32l0xx_hal_usart.c:1341:19:HAL_USART_Transmit_DMA	32	static
stm32l0xx_hal_usart.c:1438:19:HAL_USART_Receive_DMA	32	static
stm32l0xx_hal_usart.c:1565:19:HAL_USART_TransmitReceive_DMA	24	static
stm32l0xx_hal_usart.c:1692:19:HAL_USART_DMAPause	8	static
stm32l0xx_hal_usart.c:1739:19:HAL_USART_DMAResume	8	static
stm32l0xx_hal_usart.c:1783:19:HAL_USART_DMAStop	8	static
stm32l0xx_hal_usart.c:1843:19:HAL_USART_Abort	8	static
stm32l0xx_hal_usart.c:2243:13:HAL_USART_TxCpltCallback	0	static
stm32l0xx_hal_usart.c:2437:13:USART_DMATransmitCplt	8	static
stm32l0xx_hal_usart.c:2258:13:HAL_USART_TxHalfCpltCallback	0	static
stm32l0xx_hal_usart.c:2477:13:USART_DMATxHalfCplt	8	static
stm32l0xx_hal_usart.c:2273:13:HAL_USART_RxCpltCallback	0	static
stm32l0xx_hal_usart.c:2288:13:HAL_USART_RxHalfCpltCallback	0	static
stm32l0xx_hal_usart.c:2570:13:USART_DMARxHalfCplt	8	static
stm32l0xx_hal_usart.c:2303:13:HAL_USART_TxRxCpltCallback	0	static
stm32l0xx_hal_usart.c:3031:13:USART_RxISR_8BIT	16	static
stm32l0xx_hal_usart.c:3111:13:USART_RxISR_16BIT	16	static
stm32l0xx_hal_usart.c:2495:13:USART_DMAReceiveCplt	16	static
stm32l0xx_hal_usart.c:2318:13:HAL_USART_ErrorCallback	0	static
stm32l0xx_hal_usart.c:2588:13:USART_DMAError	8	static
stm32l0xx_hal_usart.c:2056:6:HAL_USART_IRQHandler	16	static
stm32l0xx_hal_usart.c:2614:13:USART_DMAAbortOnError	8	static
stm32l0xx_hal_usart.c:2333:13:HAL_USART_AbortCpltCallback	0	static
stm32l0xx_hal_usart.c:1932:19:HAL_USART_Abort_IT	16	static
stm32l0xx_hal_usart.c:2685:13:USART_DMARxAbortCallback	8	static
stm32l0xx_hal_usart.c:2637:13:USART_DMATxAbortCallback	8	static
stm32l0xx_hal_usart.c:2370:24:HAL_USART_GetState	0	static
stm32l0xx_hal_usart.c:2381:10:HAL_USART_GetError	0	static
