RegionKR920.c:118:13:VerifyRfFreq	16	static
RegionKR920.c:183:12:RegionKR920GetPhyParam	16	static
RegionKR920.c:365:6:RegionKR920SetBandTxDone	8	static
RegionKR920.c:370:6:RegionKR920InitDefaults	40	static
RegionKR920.c:421:7:RegionKR920GetNvmCtx	0	static
RegionKR920.c:427:6:RegionKR920Verify	8	static
RegionKR920.c:521:6:RegionKR920ChanMaskSet	8	static
RegionKR920.c:541:6:RegionKR920ComputeRxWindowParameters	48	static
RegionKR920.c:554:6:RegionKR920RxConfig	80	static
RegionKR920.c:592:6:RegionKR920TxConfig	88	static
RegionKR920.c:622:9:RegionKR920LinkAdrReq	96	static
RegionKR920.c:727:9:RegionKR920RxParamSetupReq	16	static
RegionKR920.c:805:8:RegionKR920TxParamSetupReq	0	static
RegionKR920.c:810:9:RegionKR920DlChannelReq	8	static
RegionKR920.c:835:8:RegionKR920AlternateDr	0	static
RegionKR920.c:840:6:RegionKR920CalcBackOff	32	static
RegionKR920.c:856:17:RegionKR920NextChannel	64	static
RegionKR920.c:923:17:RegionKR920ChannelAdd	24	static
RegionKR920.c:982:6:RegionKR920ChannelsRemove	8	static
RegionKR920.c:462:6:RegionKR920ApplyCFList	48	static
RegionKR920.c:752:9:RegionKR920NewChannelReq	16	static
RegionKR920.c:997:6:RegionKR920SetContinuousWave	32	static
RegionKR920.c:1014:9:RegionKR920ApplyDrOffset	0	static
RegionKR920.c:1025:6:RegionKR920RxBeaconSetup	32	static
