RegionEU433.c:108:13:VerifyRfFreq	16	static
RegionEU433.c:164:12:RegionEU433GetPhyParam	16	static
RegionEU433.c:342:6:RegionEU433SetBandTxDone	8	static
RegionEU433.c:347:6:RegionEU433InitDefaults	32	static
RegionEU433.c:398:7:RegionEU433GetNvmCtx	0	static
RegionEU433.c:404:6:RegionEU433Verify	8	static
RegionEU433.c:498:6:RegionEU433ChanMaskSet	8	static
RegionEU433.c:518:6:RegionEU433ComputeRxWindowParameters	48	static
RegionEU433.c:538:6:RegionEU433RxConfig	72	static
RegionEU433.c:594:6:RegionEU433TxConfig	88	static
RegionEU433.c:629:9:RegionEU433LinkAdrReq	96	static
RegionEU433.c:734:9:RegionEU433RxParamSetupReq	16	static
RegionEU433.c:812:8:RegionEU433TxParamSetupReq	0	static
RegionEU433.c:817:9:RegionEU433DlChannelReq	8	static
RegionEU433.c:842:8:RegionEU433AlternateDr	0	static
RegionEU433.c:847:6:RegionEU433CalcBackOff	32	static
RegionEU433.c:863:17:RegionEU433NextChannel	64	static
RegionEU433.c:918:17:RegionEU433ChannelAdd	24	static
RegionEU433.c:977:6:RegionEU433ChannelsRemove	8	static
RegionEU433.c:439:6:RegionEU433ApplyCFList	48	static
RegionEU433.c:759:9:RegionEU433NewChannelReq	16	static
RegionEU433.c:992:6:RegionEU433SetContinuousWave	24	static
RegionEU433.c:1004:9:RegionEU433ApplyDrOffset	0	static
RegionEU433.c:1015:6:RegionEU433RxBeaconSetup	32	static
