x_nucleo_iks01a2.c:396:13:I2C_EXPBD_MspInit	32	static
x_nucleo_iks01a2.c:267:16:I2C_EXPBD_Init	8	static
x_nucleo_iks01a2.c:378:13:I2C_EXPBD_Error	8	static
x_nucleo_iks01a2.c:316:16:I2C_EXPBD_WriteData	32	static
x_nucleo_iks01a2.c:349:16:I2C_EXPBD_ReadData	32	static
x_nucleo_iks01a2.c:88:18:Sensor_IO_Init	8	static
x_nucleo_iks01a2.c:108:18:LSM6DSL_Sensor_IO_ITConfig	72	static
x_nucleo_iks01a2.c:165:18:LPS22HB_Sensor_IO_ITConfig	32	static
x_nucleo_iks01a2.c:216:9:Sensor_IO_Write	8	static
x_nucleo_iks01a2.c:242:9:Sensor_IO_Read	8	static
