LoRaMac.c:842:13:OnRadioRxError	8	static
LoRaMac.c:865:13:UpdateRxSlotIdleState	0	static
LoRaMac.c:1466:13:LoRaMacEnableRequests	0	static
LoRaMac.c:1530:13:LoRaMacHandleIndicationEvents	40	static
LoRaMac.c:1646:13:LoRaMacCheckForRxAbort	0	static
LoRaMac.c:1942:13:SetMlmeScheduleUplinkIndication	0	static
LoRaMac.c:2959:13:CheckRetransUnconfirmedUplink	0	static
LoRaMac.c:2985:13:CheckRetransConfirmedUplink	0	static
LoRaMac.c:3003:13:StopRetransmission	0	static
LoRaMac.c:3058:13:CallNvmCtxCallback	8	static
LoRaMac.c:3066:13:EventMacNvmCtxChanged	8	static
LoRaMac.c:3071:13:EventRegionNvmCtxChanged	8	static
LoRaMac.c:3076:13:EventCryptoNvmCtxChanged	8	static
LoRaMac.c:3081:13:EventSecureElementNvmCtxChanged	8	static
LoRaMac.c:3086:13:EventCommandsNvmCtxChanged	8	static
LoRaMac.c:3091:13:EventClassBNvmCtxChanged	8	static
LoRaMac.c:3096:13:EventConfirmQueueNvmCtxChanged	8	static
LoRaMac.c:3101:16:IsRequestPending	0	static
LoRaMac.c:3024:13:AckTimeoutRetriesProcess	24	static
LoRaMac.c:1904:16:GetMaxAppPayloadWithoutFOptsLength	16	static
LoRaMac.c:1924:13:ValidatePayloadLength	16	static
LoRaMac.c:877:13:ProcessRadioTxDone	32	static
LoRaMac.c:1748:13:OnAckTimeoutTimerEvent	8	static
LoRaMac.c:924:13:PrepareRxDoneAbort	8	static
LoRaMac.c:1632:16:LoRaMacCheckForBeaconAcquisition	8	static
LoRaMac.c:1766:30:GetFCntDown	16	static
LoRaMac.c:2538:13:RemoveMacCommands	8	static
LoRaMac.c:1947:13:ProcessMacCommands	104	static
LoRaMac.c:1335:13:ProcessRadioTxTimeout	8	static
LoRaMac.c:1352:13:HandleRadioRxErrorTimeout	24	static
LoRaMac.c:1411:13:ProcessRadioRxError	8	static
LoRaMac.c:1416:13:ProcessRadioRxTimeout	8	static
LoRaMac.c:1611:13:LoRaMacHandleMlmeRequest	8	static
LoRaMac.c:3043:13:AckTimeoutRetriesFinalize	16	static
LoRaMac.c:2559:13:ResetMacParameters	32	static
LoRaMac.c:2508:13:CalculateBackOff	32	static
LoRaMac.c:2466:24:SecureFrame	24	static
LoRaMac.c:1471:13:LoRaMacHandleRequestEvents	16	static
LoRaMac.c:1515:13:LoRaMacHandleScheduleUplinkEvent	16	static
LoRaMac.c:2626:13:OpenContinuousRxCWindow	8	static
LoRaMac.c:2612:13:RxWindowSetup	16	static
LoRaMac.c:1730:13:OnRxWindow2TimerEvent	8	static
LoRaMac.c:1718:13:OnRxWindow1TimerEvent	8	static
LoRaMac.c:1814:24:SwitchClass	24	static
LoRaMac.c:852:13:OnRadioRxTimeout	16	static
LoRaMac.c:829:13:OnRadioTxTimeout	16	static
LoRaMac.c:810:13:OnRadioRxDone	32	static
LoRaMac.c:794:13:OnRadioTxDone	32	static
LoRaMac.c:1455:6:LoRaMacIsBusy	0	static
LoRaMac.c:2641:17:PrepareFrame	40	static
LoRaMac.c:2746:17:SendFrameOnChannel	48	static
LoRaMac.c:2375:24:ScheduleTx	56	static
LoRaMac.c:1692:13:OnTxDelayedTimerEvent	8	static
LoRaMac.c:1557:13:LoRaMacHandleMcpsRequest	8	static
LoRaMac.c:2251:17:Send	88	static
LoRaMac.c:2337:17:SendReJoinReq	8	static
LoRaMac.c:2816:17:SetTxContinuousWave	32	static
LoRaMac.c:2834:17:SetTxContinuousWave1	8	static
LoRaMac.c:2843:16:GetCtxs	16	static
LoRaMac.c:2858:17:RestoreCtxs	24	static
LoRaMac.c:2907:17:DetermineFrameType	8	static
LoRaMac.c:939:13:ProcessRadioRxDone	168	static
LoRaMac.c:1421:13:LoRaMacHandleIrqEvents	8	static,ignoring_inline_asm
LoRaMac.c:1657:6:LoRaMacProcess	8	static
LoRaMac.c:3112:17:LoRaMacInitialization	104	static
LoRaMac.c:3337:17:LoRaMacStart	0	static
LoRaMac.c:3343:17:LoRaMacStop	8	static
LoRaMac.c:3357:17:LoRaMacQueryTxPossible	48	static
LoRaMac.c:3415:17:LoRaMacMibGetRequestConfirm	16	static
LoRaMac.c:3601:17:LoRaMacMibSetRequestConfirm	40	static
LoRaMac.c:4260:17:LoRaMacChannelAdd	32	static
LoRaMac.c:4280:17:LoRaMacChannelRemove	16	static
LoRaMac.c:4303:17:LoRaMacMcChannelSetup	24	static
LoRaMac.c:4339:17:LoRaMacMcChannelDelete	48	static
LoRaMac.c:4364:9:LoRaMacMcChannelGetGroupId	0	static
LoRaMac.c:4376:17:LoRaMacMcChannelSetupRxParams	32	static
LoRaMac.c:4440:17:LoRaMacMlmeRequest	24	static
LoRaMac.c:4591:17:LoRaMacMcpsRequest	48	static
LoRaMac.c:4702:6:LoRaMacTestSetDutyCycleOn	16	static
