LoRaMacCrypto.c:412:30:PrepareB0	16	static
LoRaMacCrypto.c:649:30:GetKeyAddrItem	12	static
LoRaMacCrypto.c:804:30:GetLastFcntDown	0	static
LoRaMacCrypto.c:850:13:CheckFCntDown	16	static
LoRaMacCrypto.c:877:13:UpdateFCntDown	8	static
LoRaMacCrypto.c:911:13:ResetFCnts	8	static
LoRaMacCrypto.c:931:13:DummyCB	0	static
LoRaMacCrypto.c:474:30:ComputeCmacB0	56	static
LoRaMacCrypto.c:270:30:PayloadEncrypt	64	static
LoRaMacCrypto.c:510:30:VerifyCmacB0	320	static
LoRaMacCrypto.c:671:30:DeriveSessionKey10x	40	static
LoRaMacCrypto.c:940:23:LoRaMacCryptoInit	8	static
LoRaMacCrypto.c:970:23:LoRaMacCryptoSetLrWanVersion	0	static
LoRaMacCrypto.c:976:23:LoRaMacCryptoRestoreNvmCtx	8	static
LoRaMacCrypto.c:990:7:LoRaMacCryptoGetNvmCtx	0	static
LoRaMacCrypto.c:996:23:LoRaMacCryptoGetFCntUp	0	static
LoRaMacCrypto.c:1008:23:LoRaMacCryptoGetFCntDown	24	static
LoRaMacCrypto.c:1063:23:LoRaMacCryptoSetMulticastReference	0	static
LoRaMacCrypto.c:1099:23:LoRaMacCryptoPrepareJoinRequest	32	static
LoRaMacCrypto.c:1151:23:LoRaMacCryptoPrepareReJoinType1	16	static
LoRaMacCrypto.c:1190:23:LoRaMacCryptoPrepareReJoinType0or2	16	static
LoRaMacCrypto.c:1436:23:LoRaMacCryptoSecureMessage	32	static
LoRaMacCrypto.c:1530:23:LoRaMacCryptoUnsecureMessage	56	static
LoRaMacCrypto.c:1613:23:LoRaMacCryptoDeriveMcRootKey	24	static
LoRaMacCrypto.c:1635:23:LoRaMacCryptoDeriveMcKEKey	24	static
LoRaMacCrypto.c:1078:23:LoRaMacCryptoSetKey	8	static
LoRaMacCrypto.c:1228:23:LoRaMacCryptoHandleJoinAccept	304	static
LoRaMacCrypto.c:1652:23:LoRaMacCryptoDeriveMcSessionKeyPair	56	static
