LoRaMacCommands.c:87:13:IsSlotFree	0	static
LoRaMacCommands.c:106:22:MallocNewMacCommandSlot	16	static
LoRaMacCommands.c:149:13:LinkedListInit	0	static
LoRaMacCommands.c:169:13:LinkedListAdd	0	static
LoRaMacCommands.c:204:22:LinkedListGetPrevious	0	static
LoRaMacCommands.c:240:13:LinkedListRemove	16	static
LoRaMacCommands.c:276:13:IsSticky	0	static
LoRaMacCommands.c:292:13:NvmCtxCallback	8	static
LoRaMacCommands.c:129:13:FreeMacCommandSlot	8	static
LoRaMacCommands.c:300:24:LoRaMacCommandsInit	16	static
LoRaMacCommands.c:313:24:LoRaMacCommandsRestoreNvmCtx	8	static
LoRaMacCommands.c:327:7:LoRaMacCommandsGetNvmCtx	0	static
LoRaMacCommands.c:333:24:LoRaMacCommandsAddCmd	24	static
LoRaMacCommands.c:368:24:LoRaMacCommandsRemoveCmd	8	static
LoRaMacCommands.c:394:24:LoRaMacCommandsGetCmd	0	static
LoRaMacCommands.c:418:24:LoRaMacCommandsRemoveNoneStickyCmds	8	static
LoRaMacCommands.c:446:24:LoRaMacCommandsRemoveStickyAnsCmds	16	static
LoRaMacCommands.c:470:24:LoRaMacCommandsGetSizeSerializedCmds	0	static
LoRaMacCommands.c:480:24:LoRaMacCommandsSerializeCmds	24	static
LoRaMacCommands.c:510:24:LoRaMacCommandsStickyCmdsPending	0	static
