sx1276.c:413:16:GetFskBandwidthRegValue	8	static
sx1276.c:1850:6:SX1276OnDio4Irq	0	static
sx1276.c:235:6:SX1276BoardInit	0	static
sx1276.c:274:14:SX1276GetStatus	0	static
sx1276.c:1216:6:SX1276Reset	40	static
sx1276.c:1311:6:SX1276WriteBuffer	16	static
sx1276.c:1299:6:SX1276Write	16	static
sx1276.c:279:6:SX1276SetChannel	16	static
sx1276.c:1328:6:SX1276ReadBuffer	16	static
sx1276.c:1304:9:SX1276Read	16	static
sx1276.c:369:6:RxChainCalibration	16	static
sx1276.c:731:10:SX1276GetTimeOnAir	40	static
sx1276.c:1190:9:SX1276ReadRssi	8	static
sx1276.c:1239:6:SX1276SetOpMode.part.2	8	static
sx1276.c:884:6:SX1276SetSleep	8	static
sx1276.c:1239:6:SX1276SetOpMode	16	static
sx1276.c:898:6:SX1276SetStby	8	static
sx1276.c:908:6:SX1276SetRx	24	static
sx1276.c:1072:6:SX1276SetTx	16	static
sx1276.c:1137:6:SX1276StartCad	16	static
sx1276.c:1262:6:SX1276SetModem	8	static
sx1276.c:240:10:SX1276Init	16	static
sx1276.c:292:6:SX1276IsChannelFree	32	static
sx1276.c:328:10:SX1276Random	16	static
sx1276.c:428:6:SX1276SetRxConfig	72	static
sx1276.c:598:6:SX1276SetTxConfig	56	static
sx1276.c:1170:6:SX1276SetTxContinuousWave	56	static
sx1276.c:1746:6:SX1276OnDio2Irq	16	static
sx1276.c:1819:6:SX1276OnDio3Irq	16	static
sx1276.c:1346:6:SX1276WriteFifo	8	static
sx1276.c:810:6:SX1276Send	32	static
sx1276.c:1351:6:SX1276ReadFifo	8	static
sx1276.c:1470:6:SX1276OnDio0Irq	32	static
sx1276.c:1659:6:SX1276OnDio1Irq	16	static
sx1276.c:1356:6:SX1276SetMaxPayloadLength	16	static
sx1276.c:1374:6:SX1276SetPublicNetwork	8	static
sx1276.c:1395:6:SX1276OnTimeoutIrq	16	static
sx1276.c:1390:10:SX1276GetWakeupTime	8	static
sx1276.c:1869:6:SX1276OnDio5Irq	0	static
