LoRaMacCommands.c:292:13:NvmCtxCallback	8	static
LoRaMacCommands.c:300:24:LoRaMacCommandsInit	16	static
LoRaMacCommands.c:313:24:LoRaMacCommandsRestoreNvmCtx	8	static
LoRaMacCommands.c:327:7:LoRaMacCommandsGetNvmCtx	0	static
LoRaMacCommands.c:333:24:LoRaMacCommandsAddCmd	24	static
LoRaMacCommands.c:368:24:LoRaMacCommandsRemoveCmd	8	static
LoRaMacCommands.c:394:24:LoRaMacCommandsGetCmd	0	static
LoRaMacCommands.c:418:24:LoRaMacCommandsRemoveNoneStickyCmds	16	static
LoRaMacCommands.c:446:24:LoRaMacCommandsRemoveStickyAnsCmds	24	static
LoRaMacCommands.c:470:24:LoRaMacCommandsGetSizeSerializedCmds	0	static
LoRaMacCommands.c:480:24:LoRaMacCommandsSerializeCmds	24	static
LoRaMacCommands.c:510:24:LoRaMacCommandsStickyCmdsPending	0	static
