at.c:1488:13:print_8_02x	32	static
at.c:1461:13:print_16_02x	64	static
at.c:1494:13:print_d	8	static
at.c:1453:12:sscanf_16_hhx	64	static
at.c:1432:19:translate_status	0	static
at.c:267:6:set_at_receive	56	static
at.c:326:12:at_return_ok	0	static
at.c:331:12:at_return_error	0	static
at.c:336:12:at_reset	0	static,ignoring_inline_asm
at.c:342:12:at_DevEUI_get	8	static
at.c:348:12:at_JoinEUI_get	8	static
at.c:354:12:at_JoinEUI_set	40	static
at.c:368:12:at_DevAddr_set	48	static
at.c:383:12:at_DevAddr_get	56	static
at.c:395:12:at_AppKey_get	8	static
at.c:401:12:at_AppKey_set	24	static
at.c:413:12:at_NwkSKey_get	40	static
at.c:426:12:at_NwkSKey_set	56	static
at.c:446:12:at_AppSKey_get	40	static
at.c:459:12:at_AppSKey_set	56	static
at.c:477:12:at_Certif	8	static
at.c:483:12:at_ADR_get	40	static
at.c:496:12:at_ADR_set	40	static
at.c:518:12:at_TransmitPower_get	40	static
at.c:531:12:at_TransmitPower_set	40	static
at.c:547:12:at_DataRate_get	8	static
at.c:555:12:at_DataRate_set	16	static
at.c:573:12:at_DutyCycle_set	8	static
at.c:590:12:at_DutyCycle_get	8	static
at.c:605:12:at_PublicNetwork_get	40	static
at.c:618:12:at_PublicNetwork_set	40	static
at.c:639:12:at_Rx2Frequency_get	40	static
at.c:652:12:at_Rx2Frequency_set	40	static
at.c:672:12:at_Rx2DataRate_get	40	static
at.c:685:12:at_Rx2DataRate_set	40	static
at.c:706:12:at_Rx1Delay_get	40	static
at.c:719:12:at_Rx1Delay_set	40	static
at.c:735:12:at_Rx2Delay_get	40	static
at.c:748:12:at_Rx2Delay_set	40	static
at.c:764:12:at_JoinAcceptDelay1_get	40	static
at.c:777:12:at_JoinAcceptDelay1_set	40	static
at.c:793:12:at_JoinAcceptDelay2_get	40	static
at.c:806:12:at_JoinAcceptDelay2_set	40	static
at.c:822:12:at_NetworkJoinMode_get	8	static
at.c:828:12:at_NetworkJoinMode_set	8	static
at.c:848:12:at_NetworkID_get	56	static
at.c:861:12:at_NetworkID_set	48	static
at.c:879:12:at_DeviceClass_get	40	static
at.c:923:12:at_DeviceClass_set	8	static
at.c:1132:12:at_Join	8	static
at.c:1146:12:at_NetworkJoinStatus	8	static
at.c:1160:12:at_SendBinary	24	static
at.c:1227:12:at_Send	24	static
at.c:1277:12:at_ReceiveBinary	16	static
at.c:1293:12:at_Receive	16	static
at.c:1307:12:at_version_get	16	static
at.c:1314:12:at_ack_set	8	static
at.c:1331:12:at_ack_get	8	static
at.c:1337:12:at_isack_get	8	static
at.c:1343:12:at_snr_get	8	static
at.c:1349:12:at_rssi_get	8	static
at.c:1355:12:at_bat_get	8	static
at.c:1361:12:at_test_txTone	8	static
at.c:1366:12:at_test_rxTone	8	static
at.c:1371:12:at_test_txlora	16	static
at.c:1395:12:at_test_rxlora	16	static
at.c:1416:12:at_test_get_lora_config	8	static
at.c:1421:12:at_test_set_lora_config	8	static
at.c:1426:12:at_test_stop	8	static
