lora.c:369:13:MlmeIndication	8	static
lora.c:146:13:McpsConfirm	8	static
lora.c:187:13:McpsIndication	16	static
lora.c:548:17:LORA_Join	24	static
lora.c:264:13:MlmeConfirm	8	static
lora.c:573:16:LORA_JoinStatus	40	static
lora.c:591:17:LORA_send	40	static
lora.c:952:6:OnCertifTimer	24	static
lora.c:711:17:LORA_RequestClass	48	static
lora.c:779:6:LORA_GetCurrentClass	40	static
lora.c:790:6:lora_config_otaa_set	72	static
lora.c:416:6:LORA_Init	16	static
lora.c:856:13:lora_config_otaa_get	0	static
lora.c:861:6:lora_config_duty_cycle_set	8	static
lora.c:867:13:lora_config_duty_cycle_get	0	static
lora.c:872:10:lora_config_deveui_get	0	static
lora.c:877:10:lora_config_joineui_get	0	static
lora.c:882:6:lora_config_joineui_set	8	static
lora.c:887:10:lora_config_appkey_get	0	static
lora.c:892:6:lora_config_appkey_set	16	static
lora.c:906:6:lora_config_reqack_set	0	static
lora.c:911:15:lora_config_reqack_get	0	static
lora.c:916:8:lora_config_snr_get	0	static
lora.c:921:9:lora_config_rssi_get	0	static
lora.c:926:6:lora_config_tx_datarate_set	0	static
lora.c:931:8:lora_config_tx_datarate_get	0	static
lora.c:936:13:lora_config_isack_get	0	static
lora.c:963:6:lora_wan_certif	8	static
lora.c:973:17:lora_region_get	0	static
