mlm32l0xx_hw.c:127:6:HW_DeInit	8	static
mlm32l0xx_hw.c:176:6:HW_GpioInit	64	static
mlm32l0xx_hw.c:222:6:SystemClock_Config	88	static
mlm32l0xx_hw.c:267:10:HW_GetRandomSeed	0	static
mlm32l0xx_hw.c:277:6:HW_GetUniqueId	8	static
mlm32l0xx_hw.c:352:6:HW_AdcInit	8	static
mlm32l0xx_hw.c:94:6:HW_Init	24	static
mlm32l0xx_hw.c:390:6:HW_AdcDeInit	8	static
mlm32l0xx_hw.c:401:10:HW_AdcReadChannel	32	static
mlm32l0xx_hw.c:289:10:HW_GetTemperatureLevel	16	static
mlm32l0xx_hw.c:328:10:HW_GetBatteryLevel	8	static
mlm32l0xx_hw.c:452:6:LPM_EnterStopMode	40	static,ignoring_inline_asm
mlm32l0xx_hw.c:476:6:LPM_ExitStopMode	16	static,ignoring_inline_asm
mlm32l0xx_hw.c:514:6:LPM_EnterSleepMode	8	static
